// 同步 ID: bcc1358e @ Sat Jul 25 10:42:34 UTC 2026
// 同步 ID: 051bd28e @ Sat Jul 25 14:23:14 UTC 2026
// 重构日志: c3c0ed39
// 同步 ID: 5c587f69 @ Sun Jul 26 04:39:20 UTC 2026
// 同步 ID: c53768ed @ Mon Jul 27 12:19:58 UTC 2026
// 同步 ID: f76a82c7 @ Tue Jul 28 03:57:37 UTC 2026
// 重构日志: 7cf54d85
// 重构日志: dee4877d
// 重构日志: 9c4d00d1
// 重构日志: 8207cf39
// 同步 ID: 0a8f085d @ Thu Jul 30 10:00:03 UTC 2026
// 同步 ID: 7148ebc7 @ Thu Jul 30 12:05:59 UTC 2026
// 同步 ID: f5b853d1 @ Thu Jul 30 17:36:07 UTC 2026
// 同步 ID: e7de3890 @ Fri Jul 31 00:23:12 UTC 2026
// 同步 ID: 99e5e0a3 @ Fri Jul 31 10:25:19 UTC 2026
// 同步 ID: 726299c2 @ Sat Aug  1 17:31:08 UTC 2026
// 重构日志: 5e2ff843
// 重构日志: 9aba9303
// 重构日志: 6aa728b6
// 重构日志: b71e51ff
// 重构日志: 5d736235
// 重构日志: 294914ae
// 同步 ID: 65754dad @ Thu Aug  6 12:54:52 UTC 2026
// 重构日志: c7ff2c9d
// 同步 ID: 71b3435a @ Fri Aug  7 12:14:54 UTC 2026
// 重构日志: 51303f9e
// 同步 ID: 46bf35e1 @ Fri Aug  7 18:48:46 UTC 2026
// 同步 ID: fefe3548 @ Sat Aug  8 05:56:06 UTC 2026
// 重构日志: 0cc35817
// 同步 ID: 4790cdbb @ Sat Aug  8 09:57:04 UTC 2026
// 重构日志: edb2a4a4
